2026-09-24 15:21:25,004 [INFO] SchedulerDaemon: Executing immediate test extraction...
2026-09-24 15:21:25,004 [INFO] BatchRunner: Running in TEST MODE (1 Route x 2 Windows)
2026-09-24 15:21:26,782 [INFO] BatchRunner: 
[1/2] Processing Delhi - Mumbai (DEL->BOM) for T+1 (2026-09-25)...
2026-09-24 15:21:26,782 [INFO] ScraperEngine: [DEL-BOM | T+1] Requesting https://www.google.com/travel/flights?q=Flights%20to%20BOM%20from%20DEL%20on%202026-09-25%20oneway (Attempt 1/3)
2026-09-24 15:21:39,095 [INFO] ScraperEngine: [DEL-BOM | T+1] Extracted 104 valid quotes.
2026-09-24 15:21:39,095 [INFO] ScraperEngine: Ethical rate-limit delay: sleeping for 6.10s...
2026-09-24 15:21:45,225 [INFO] BatchRunner: -> Found 104 quotes (52 new unique saved to SQLite).
2026-09-24 15:21:45,226 [INFO] BatchRunner: 
[2/2] Processing Delhi - Mumbai (DEL->BOM) for T+7 (2026-10-01)...
2026-09-24 15:21:45,226 [INFO] ScraperEngine: [DEL-BOM | T+7] Requesting https://www.google.com/travel/flights?q=Flights%20to%20BOM%20from%20DEL%20on%202026-10-01%20oneway (Attempt 1/3)
2026-09-24 15:21:57,247 [INFO] ScraperEngine: [DEL-BOM | T+7] Extracted 114 valid quotes.
2026-09-24 15:21:57,247 [INFO] ScraperEngine: Ethical rate-limit delay: sleeping for 6.85s...
2026-09-24 15:22:04,132 [INFO] BatchRunner: -> Found 114 quotes (57 new unique saved to SQLite).
2026-09-24 15:23:34,609 [INFO] SchedulerDaemon: Executing immediate test extraction...
2026-09-24 15:23:34,609 [INFO] BatchRunner: Running in TEST MODE (1 Route x 2 Windows)
2026-09-24 15:23:35,942 [INFO] BatchRunner: 
[1/2] Processing Delhi - Mumbai (DEL->BOM) for T+1 (2026-09-25)...
2026-09-24 15:23:35,943 [INFO] ScraperEngine: [DEL-BOM | T+1] Requesting https://www.google.com/travel/flights?q=Flights%20to%20BOM%20from%20DEL%20on%202026-09-25%20oneway (Attempt 1/3)
2026-09-24 15:23:49,579 [INFO] ScraperEngine: [DEL-BOM | T+1] Extracted 104 valid quotes.
2026-09-24 15:23:49,579 [INFO] ScraperEngine: Ethical rate-limit delay: sleeping for 5.69s...
2026-09-24 15:23:55,304 [INFO] BatchRunner: -> Found 104 quotes (3 new unique saved to SQLite).
2026-09-24 15:23:55,304 [INFO] BatchRunner: 
[2/2] Processing Delhi - Mumbai (DEL->BOM) for T+7 (2026-10-01)...
2026-09-24 15:23:55,304 [INFO] ScraperEngine: [DEL-BOM | T+7] Requesting https://www.google.com/travel/flights?q=Flights%20to%20BOM%20from%20DEL%20on%202026-10-01%20oneway (Attempt 1/3)
2026-09-24 15:24:07,433 [INFO] ScraperEngine: [DEL-BOM | T+7] Extracted 114 valid quotes.
2026-09-24 15:24:07,433 [INFO] ScraperEngine: Ethical rate-limit delay: sleeping for 5.52s...
2026-09-24 15:24:13,000 [INFO] BatchRunner: -> Found 114 quotes (0 new unique saved to SQLite).
